// Jest Snapshot v1, https://goo.gl/fbAQLP

exports[`tests on <DashboardRoutes /> should render correctly 1`] = `
Array [
  <nav
    className="navbar navbar-expand-sm navbar-dark bg-dark"
  >
    <a
      className="navbar-brand"
      href="/"
      onClick={[Function]}
    >
      Heroes App
    </a>
    <div
      className="navbar-collapse"
    >
      <div
        className="navbar-nav"
      >
        <a
          aria-current="page"
          className="nav-item nav-link active"
          href="/marvel"
          onClick={[Function]}
          style={Object {}}
        >
          Marvel
        </a>
        <a
          aria-current={null}
          className="nav-item nav-link"
          href="/dc"
          onClick={[Function]}
        >
          DC
        </a>
        <a
          aria-current={null}
          className="nav-item nav-link"
          href="/search"
          onClick={[Function]}
        >
          Búsqueda
        </a>
      </div>
    </div>
    <div>
      <ul
        className="navbar-nav ml-auto"
      >
        <span
          className="nav-item nav-link text-info"
        >
          Albus
        </span>
        <button
          className="btn btn-outline-danger"
          onClick={[Function]}
        >
          Logout
        </button>
      </ul>
    </div>
  </nav>,
  <div
    className="container mt-2"
  >
    <div>
      <h1>
        Marvel Screen
      </h1>
      <hr />
      <div
        className="row row-cols-1 row-cols-md-3 g-4 animate__animated animate__fadeIn"
      >
        <div
          className="col"
        >
          <div
            className="card"
            style={
              Object {
                "maxWidth": 540,
              }
            }
          >
            <img
              alt="Spider Man"
              className="card-img-top"
              src="./assets/marvel-spider.jpg"
            />
            <div
              className="card-body"
            >
              <h5
                className="card-title"
              >
                Spider Man
              </h5>
              <p
                className="card-text"
              >
                Peter Parker
              </p>
              <a
                href="/hero/marvel-spider"
                onClick={[Function]}
              >
                Más información del héroe...
              </a>
            </div>
            <div
              className="card-footer"
            >
              <small
                className="text-muted"
              >
                Amazing Fantasy #15
              </small>
            </div>
          </div>
        </div>
        <div
          className="col"
        >
          <div
            className="card"
            style={
              Object {
                "maxWidth": 540,
              }
            }
          >
            <img
              alt="Captain America"
              className="card-img-top"
              src="./assets/marvel-captain.jpg"
            />
            <div
              className="card-body"
            >
              <h5
                className="card-title"
              >
                Captain America
              </h5>
              <p
                className="card-text"
              >
                Steve Rogers
              </p>
              <a
                href="/hero/marvel-captain"
                onClick={[Function]}
              >
                Más información del héroe...
              </a>
            </div>
            <div
              className="card-footer"
            >
              <small
                className="text-muted"
              >
                Captain America Comics #1
              </small>
            </div>
          </div>
        </div>
        <div
          className="col"
        >
          <div
            className="card"
            style={
              Object {
                "maxWidth": 540,
              }
            }
          >
            <img
              alt="Iron Man"
              className="card-img-top"
              src="./assets/marvel-iron.jpg"
            />
            <div
              className="card-body"
            >
              <h5
                className="card-title"
              >
                Iron Man
              </h5>
              <p
                className="card-text"
              >
                Tony Stark
              </p>
              <a
                href="/hero/marvel-iron"
                onClick={[Function]}
              >
                Más información del héroe...
              </a>
            </div>
            <div
              className="card-footer"
            >
              <small
                className="text-muted"
              >
                Tales of Suspense #39
              </small>
            </div>
          </div>
        </div>
        <div
          className="col"
        >
          <div
            className="card"
            style={
              Object {
                "maxWidth": 540,
              }
            }
          >
            <img
              alt="Thor"
              className="card-img-top"
              src="./assets/marvel-thor.jpg"
            />
            <div
              className="card-body"
            >
              <h5
                className="card-title"
              >
                Thor
              </h5>
              <p
                className="card-text"
              >
                Thor Odinson
              </p>
              <a
                href="/hero/marvel-thor"
                onClick={[Function]}
              >
                Más información del héroe...
              </a>
            </div>
            <div
              className="card-footer"
            >
              <small
                className="text-muted"
              >
                Journey into Myster #83
              </small>
            </div>
          </div>
        </div>
        <div
          className="col"
        >
          <div
            className="card"
            style={
              Object {
                "maxWidth": 540,
              }
            }
          >
            <img
              alt="Hulk"
              className="card-img-top"
              src="./assets/marvel-hulk.jpg"
            />
            <div
              className="card-body"
            >
              <h5
                className="card-title"
              >
                Hulk
              </h5>
              <p
                className="card-text"
              >
                Bruce Banner
              </p>
              <a
                href="/hero/marvel-hulk"
                onClick={[Function]}
              >
                Más información del héroe...
              </a>
            </div>
            <div
              className="card-footer"
            >
              <small
                className="text-muted"
              >
                The Incredible Hulk #1
              </small>
            </div>
          </div>
        </div>
        <div
          className="col"
        >
          <div
            className="card"
            style={
              Object {
                "maxWidth": 540,
              }
            }
          >
            <img
              alt="Wolverine"
              className="card-img-top"
              src="./assets/marvel-wolverine.jpg"
            />
            <div
              className="card-body"
            >
              <h5
                className="card-title"
              >
                Wolverine
              </h5>
              <p
                className="card-text"
              >
                James Howlett
              </p>
              <a
                href="/hero/marvel-wolverine"
                onClick={[Function]}
              >
                Más información del héroe...
              </a>
            </div>
            <div
              className="card-footer"
            >
              <small
                className="text-muted"
              >
                The Incredible Hulk #180
              </small>
            </div>
          </div>
        </div>
        <div
          className="col"
        >
          <div
            className="card"
            style={
              Object {
                "maxWidth": 540,
              }
            }
          >
            <img
              alt="Daredevil"
              className="card-img-top"
              src="./assets/marvel-daredevil.jpg"
            />
            <div
              className="card-body"
            >
              <h5
                className="card-title"
              >
                Daredevil
              </h5>
              <p
                className="card-text"
              >
                Matthew Michael Murdock
              </p>
              <a
                href="/hero/marvel-daredevil"
                onClick={[Function]}
              >
                Más información del héroe...
              </a>
            </div>
            <div
              className="card-footer"
            >
              <small
                className="text-muted"
              >
                Daredevil #1
              </small>
            </div>
          </div>
        </div>
        <div
          className="col"
        >
          <div
            className="card"
            style={
              Object {
                "maxWidth": 540,
              }
            }
          >
            <img
              alt="Hawkeye"
              className="card-img-top"
              src="./assets/marvel-hawkeye.jpg"
            />
            <div
              className="card-body"
            >
              <h5
                className="card-title"
              >
                Hawkeye
              </h5>
              <p
                className="card-text"
              >
                Clinton Francis Barton
              </p>
              <a
                href="/hero/marvel-hawkeye"
                onClick={[Function]}
              >
                Más información del héroe...
              </a>
            </div>
            <div
              className="card-footer"
            >
              <small
                className="text-muted"
              >
                Tales of Suspense #57
              </small>
            </div>
          </div>
        </div>
        <div
          className="col"
        >
          <div
            className="card"
            style={
              Object {
                "maxWidth": 540,
              }
            }
          >
            <img
              alt="Cyclops"
              className="card-img-top"
              src="./assets/marvel-cyclops.jpg"
            />
            <div
              className="card-body"
            >
              <h5
                className="card-title"
              >
                Cyclops
              </h5>
              <p
                className="card-text"
              >
                Scott Summers
              </p>
              <a
                href="/hero/marvel-cyclops"
                onClick={[Function]}
              >
                Más información del héroe...
              </a>
            </div>
            <div
              className="card-footer"
            >
              <small
                className="text-muted"
              >
                X-Men #1
              </small>
            </div>
          </div>
        </div>
        <div
          className="col"
        >
          <div
            className="card"
            style={
              Object {
                "maxWidth": 540,
              }
            }
          >
            <img
              alt="Silver Surfer"
              className="card-img-top"
              src="./assets/marvel-silver.jpg"
            />
            <div
              className="card-body"
            >
              <h5
                className="card-title"
              >
                Silver Surfer
              </h5>
              <p
                className="card-text"
              >
                Norrin Radd
              </p>
              <a
                href="/hero/marvel-silver"
                onClick={[Function]}
              >
                Más información del héroe...
              </a>
            </div>
            <div
              className="card-footer"
            >
              <small
                className="text-muted"
              >
                The Fantastic Four #48
              </small>
            </div>
          </div>
        </div>
      </div>
    </div>
  </div>,
]
`;
